Microchip MPLAB XC8 Compiler V1.33 ()

Linker command line:

--edf=C:\Program Files\Microchip\xc8\v1.33\dat\en_msgs.txt -cs \
  -h+dist/default/production\rgb.X.production.sym \
  --cmf=dist/default/production\rgb.X.production.cmf -z -Q16F1503 \
  -oC:\DOCUME~1\kubus\LOCALS~1\Temp\s1dk.6 \
  -Mdist/default/production/rgb.X.production.map -E1 -ver=XC8 \
  -ASTACK=02012h-0206fh -pstack=STACK \
  -ACONST=00h-0FFhx7,0700h-077Fh,0791h-07FFh -ACODE=00h-077Fh,0791h-07FFh \
  -ASTRCODE=00h-077Fh,0791h-07FFh \
  -AENTRY=00h-0FFhx7,0700h-077Fh,0791h-07FFh \
  -ASTRING=00h-0FFhx7,0700h-077Fh,0791h-07FFh -ACOMMON=070h-07Fh \
  -ABANK0=020h-06Fh -ABANK1=0A0h-0BFh -ABIGRAM=02000h-0206Fh \
  -ARAM=020h-06Fh,0A0h-0BFh -AABS1=020h-07Fh,0A0h-0BFh -ASFR0=00h-01Fh \
  -ASFR1=080h-09Fh -ASFR2=0100h-016Fh -ASFR3=0180h-01EFh -ASFR4=0200h-026Fh \
  -ASFR5=0280h-02EFh -ASFR6=0300h-036Fh -ASFR7=0380h-03EFh \
  -ASFR8=0400h-046Fh -ASFR9=0480h-04EFh -ASFR10=0500h-056Fh \
  -ASFR11=0580h-05EFh -ASFR12=0600h-066Fh -ASFR13=0680h-06EFh \
  -ASFR14=0700h-076Fh -ASFR15=0780h-07EFh -ASFR16=0800h-086Fh \
  -ASFR17=0880h-08EFh -ASFR18=0900h-096Fh -ASFR19=0980h-09EFh \
  -ASFR20=0A00h-0A6Fh -ASFR21=0A80h-0AEFh -ASFR22=0B00h-0B6Fh \
  -ASFR23=0B80h-0BEFh -ASFR24=0C00h-0C6Fh -ASFR25=0C80h-0CEFh \
  -ASFR26=0D00h-0D6Fh -ASFR27=0D80h-0DEFh -ASFR28=0E00h-0E6Fh \
  -ASFR29=0E80h-0EEFh -ASFR30=0F00h-0F6Fh -ASFR31=0F80h-0FEFh \
  -preset_vec=00h,intentry,init,end_init -ppowerup=CODE -pcinit=CODE \
  -pfunctab=CODE -ACONFIG=08007h-08008h -pconfig=CONFIG -DCONFIG=2 \
  -AIDLOC=08000h-08003h -pidloc=IDLOC -DIDLOC=2 -DCODE=2 -DSTRCODE=2 \
  -DSTRING=2 -DCONST=2 -DENTRY=2 -k \
  C:\DOCUME~1\kubus\LOCALS~1\Temp\s1dk.obj \
  dist/default/production\rgb.X.production.obj 

Object code version is 3.11

Machine type is 16F1503



                Name                               Link     Load   Length Selector   Space Scale
C:\DOCUME~1\kubus\LOCALS~1\Temp\s1dk.obj
                end_init                              2        2        1        0       0
                reset_vec                             0        0        2        0       0
                config                             8007     8007        2    1000E       0
dist/default/production\rgb.X.production.obj
                cinit                               772      772        E      EE4       0
                text17                              648      648       4B      C90       0
                text16                              60C      60C       3C      C18       0
                text15                              588      588       2A      B10       0
                text14                              4F7      4F7       13      9EE       0
                text13                              4E5      4E5       12      9CA       0
                text12                              5DE      5DE       2E      BBC       0
                text11                              4CB      4CB        2      996       0
                text10                              4D0      4D0        9      9A0       0
                text9                               693      693       66      D26       0
                text8                               5B2      5B2       2C      B64       0
                text7                               4C9      4C9        1      992       0
                text6                               4CD      4CD        3      99A       0
                text5                               526      526       1E      A4C       0
                text4                               544      544       1F      A88       0
                text3                               6F9      6F9       79      DF2       0
                text2                               4D9      4D9        C      9B2       0
                text1                               563      563       25      AC6       0
                maintext                            50A      50A       1C      A14       0
                cstackBANK0                          29       29        8       20       1
                cstackCOMMON                         70       70        E       70       1
                dataBANK0                            31       31        1       20       1
                bssBANK0                             20       20        9       20       1
                idataBANK0                          4CA      4CA        1      994       0

TOTAL           Name                               Link     Load   Length     Space
        CLASS   STACK          

        CLASS   CONST          

        CLASS   CODE           
                end_init                              2        2        1         0
                cinit                               772      772        E         0
                reset_vec                             0        0        2         0
                text17                              648      648       4B         0
                text16                              60C      60C       3C         0
                text15                              588      588       2A         0
                text14                              4F7      4F7       13         0
                text13                              4E5      4E5       12         0
                text12                              5DE      5DE       2E         0
                text11                              4CB      4CB        2         0
                text10                              4D0      4D0        9         0
                text9                               693      693       66         0
                text8                               5B2      5B2       2C         0
                text7                               4C9      4C9        1         0
                text6                               4CD      4CD        3         0
                text5                               526      526       1E         0
                text4                               544      544       1F         0
                text3                               6F9      6F9       79         0
                text2                               4D9      4D9        C         0
                text1                               563      563       25         0
                maintext                            50A      50A       1C         0
                idataBANK0                          4CA      4CA        1         0

        CLASS   STRCODE        

        CLASS   ENTRY          

        CLASS   STRING         

        CLASS   COMMON         
                cstackCOMMON                         70       70        E         1

        CLASS   BANK0          
                cstackBANK0                          29       29        8         1
                dataBANK0                            31       31        1         1
                bssBANK0                             20       20        9         1

        CLASS   BANK1          

        CLASS   BIGRAM         

        CLASS   RAM            

        CLASS   ABS1           
                abs_s1                               7E       7E        2         1

        CLASS   SFR0           

        CLASS   SFR1           

        CLASS   SFR2           

        CLASS   SFR3           

        CLASS   SFR4           

        CLASS   SFR5           

        CLASS   SFR6           

        CLASS   SFR7           

        CLASS   SFR8           

        CLASS   SFR9           

        CLASS   SFR10          

        CLASS   SFR11          

        CLASS   SFR12          

        CLASS   SFR13          

        CLASS   SFR14          

        CLASS   SFR15          

        CLASS   SFR16          

        CLASS   SFR17          

        CLASS   SFR18          

        CLASS   SFR19          

        CLASS   SFR20          

        CLASS   SFR21          

        CLASS   SFR22          

        CLASS   SFR23          

        CLASS   SFR24          

        CLASS   SFR25          

        CLASS   SFR26          

        CLASS   SFR27          

        CLASS   SFR28          

        CLASS   SFR29          

        CLASS   SFR30          

        CLASS   SFR31          

        CLASS   CONFIG         
                config                             8007     8007        2         0

        CLASS   IDLOC          

        CLASS   BANK31         

        CLASS   BANK30         

        CLASS   BANK29         

        CLASS   BANK28         

        CLASS   BANK27         

        CLASS   BANK26         

        CLASS   BANK25         

        CLASS   BANK24         

        CLASS   BANK23         

        CLASS   BANK22         

        CLASS   BANK21         

        CLASS   BANK20         

        CLASS   BANK19         

        CLASS   BANK18         

        CLASS   BANK17         

        CLASS   BANK16         

        CLASS   BANK15         

        CLASS   BANK14         

        CLASS   BANK13         

        CLASS   BANK12         

        CLASS   BANK11         

        CLASS   BANK10         

        CLASS   BANK9          

        CLASS   BANK8          

        CLASS   BANK7          

        CLASS   BANK6          

        CLASS   BANK5          

        CLASS   BANK4          

        CLASS   BANK3          

        CLASS   BANK2          

        CLASS   EEDATA         



SEGMENTS        Name                           Load    Length   Top    Selector   Space  Class     Delta

                reset_vec                      000000  000003  000003         0       0  CODE        2
                bssBANK0                       000020  000012  000032        20       1  BANK0       1
                cstackCOMMON                   000070  00000E  00007E        70       1  COMMON      1
                text7                          0004C9  000001  0004CA       992       0  CODE        2
                idataBANK0                     0004CA  000001  0004CB       994       0  CODE        2
                text11                         0004CB  000002  0004CD       996       0  CODE        2
                text6                          0004CD  000003  0004D0       99A       0  CODE        2
                text10                         0004D0  000009  0004D9       9A0       0  CODE        2
                text2                          0004D9  00000C  0004E5       9B2       0  CODE        2
                text13                         0004E5  000012  0004F7       9CA       0  CODE        2
                text14                         0004F7  000013  00050A       9EE       0  CODE        2
                maintext                       00050A  00001C  000526       A14       0  CODE        2
                text5                          000526  00001E  000544       A4C       0  CODE        2
                text4                          000544  00001F  000563       A88       0  CODE        2
                text1                          000563  000025  000588       AC6       0  CODE        2
                text15                         000588  00002A  0005B2       B10       0  CODE        2
                text8                          0005B2  00002C  0005DE       B64       0  CODE        2
                text12                         0005DE  00002E  00060C       BBC       0  CODE        2
                text16                         00060C  00003C  000648       C18       0  CODE        2
                text17                         000648  00004B  000693       C90       0  CODE        2
                text9                          000693  000066  0006F9       D26       0  CODE        2
                text3                          0006F9  000079  000772       DF2       0  CODE        2
                cinit                          000772  00000E  000780       EE4       0  CODE        2
                config                         008007  000002  008009     1000E       0  CONFIG      2


UNUSED ADDRESS RANGES

        Name                Unused          Largest block    Delta
        BANK0            00032-0006F              3E           1
        BANK1            000A0-000BF              20           1
        BIGRAM           02000-0206F              70           1
        CODE             00003-004C8             4C6           2
                         00791-007FF              6F
        CONST            00003-004C8             100           2
                         00791-007FF              6F
        ENTRY            00003-004C8             100           2
                         00791-007FF              6F
        IDLOC            08000-08003               4           2
        RAM              00032-0006F              3E           1
                         000A0-000BF              20
        SFR0             00000-0001F              20           1
        SFR1             00080-0009F              20           1
        SFR10            00500-0056F              70           1
        SFR11            00580-005EF              70           1
        SFR12            00600-0066F              70           1
        SFR13            00680-006EF              70           1
        SFR14            00700-0076F              70           1
        SFR15            00780-007EF              70           1
        SFR16            00800-0086F              70           1
        SFR17            00880-008EF              70           1
        SFR18            00900-0096F              70           1
        SFR19            00980-009EF              70           1
        SFR2             00100-0016F              70           1
        SFR20            00A00-00A6F              70           1
        SFR21            00A80-00AEF              70           1
        SFR22            00B00-00B6F              70           1
        SFR23            00B80-00BEF              70           1
        SFR24            00C00-00C6F              70           1
        SFR25            00C80-00CEF              70           1
        SFR26            00D00-00D6F              70           1
        SFR27            00D80-00DEF              70           1
        SFR28            00E00-00E6F              70           1
        SFR29            00E80-00EEF              70           1
        SFR3             00180-001EF              70           1
        SFR30            00F00-00F6F              70           1
        SFR31            00F80-00FEF              70           1
        SFR4             00200-0026F              70           1
        SFR5             00280-002EF              70           1
        SFR6             00300-0036F              70           1
        SFR7             00380-003EF              70           1
        SFR8             00400-0046F              70           1
        SFR9             00480-004EF              70           1
        STACK            02012-0206F              5E           1
        STRCODE          00003-004C8             4C6           2
                         00791-007FF              6F
        STRING           00003-004C8             100           2
                         00791-007FF              6F

                                  Symbol Table

CheckI2cAsSlave@value                           cstackCOMMON 00072
HEFLASH_readBlock@add                           cstackCOMMON 00074
HEFLASH_readBlock@buffer                        cstackCOMMON 00076
HEFLASH_readBlock@count                         cstackCOMMON 00071
HEFLASH_readBlock@radd                          cstackCOMMON 00070
HEFLASH_readByte@add                            cstackCOMMON 00077
HEFLASH_readByte@offset                         cstackCOMMON 00070
HEFLASH_readByte@radd                           cstackCOMMON 00079
HEFLASH_writeBlock@add                          cstackCOMMON 00075
HEFLASH_writeBlock@count                        cstackCOMMON 00071
HEFLASH_writeBlock@data                         cstackCOMMON 00070
HEFLASH_writeBlock@radd                         cstackCOMMON 00074
ProcessStateChangedModuleTypeSpecific@g_mode    cstackBANK0  00030
SetColor@blackAndWhite                          cstackCOMMON 0007C
SetColor@i                                      cstackBANK0  0002C
SetColor@pwmPeriod                              cstackCOMMON 0007B
SetColor@value                                  cstackBANK0  0002D
SetDutyCyclePWM@blue                            cstackCOMMON 00071
SetDutyCyclePWM@green                           cstackCOMMON 00070
SetDutyCyclePWM@red                             cstackCOMMON 0007A
SetWhiteValue@value                             cstackCOMMON 0007D
_ANSELA                                         (abs)        0018C
_ANSELC                                         (abs)        0018E
_CKE                                            (abs)        010A6
_CKP                                            (abs)        010AC
_CheckI2cAsSlave                                text17       00648
_CommonInit                                     text13       004E5
_HEFLASH_readBlock                              text16       0060C
_HEFLASH_readByte                               text15       00588
_HEFLASH_writeBlock                             text9        00693
_I2cSlaveInit                                   text14       004F7
_INTCONbits                                     (abs)        0000B
_ModuleTypeSpecificInit                         text11       004CB
_OSCCONbits                                     (abs)        00099
_OSCSTATbits                                    (abs)        0009A
_PMADR                                          (abs)        00191
_PMCON1bits                                     (abs)        00195
_PMDAT                                          (abs)        00193
_PORTCbits                                      (abs)        0000E
_PR2                                            (abs)        0001B
_PWM1CON                                        (abs)        00613
_PWM1DCH                                        (abs)        00612
_PWM1DCL                                        (abs)        00611
_PWM1EN                                         (abs)        0309F
_PWM1OE                                         (abs)        0309E
_PWM1OUT                                        (abs)        0309D
_PWM1POL                                        (abs)        0309C
_PWM2CON                                        (abs)        00616
_PWM2DCH                                        (abs)        00615
_PWM2DCL                                        (abs)        00614
_PWM2EN                                         (abs)        030B7
_PWM2OE                                         (abs)        030B6
_PWM2OUT                                        (abs)        030B5
_PWM2POL                                        (abs)        030B4
_PWM3CON                                        (abs)        00619
_PWM3DCH                                        (abs)        00618
_PWM3DCL                                        (abs)        00617
_PWM3EN                                         (abs)        030CF
_PWM3OE                                         (abs)        030CE
_PWM3OUT                                        (abs)        030CD
_PWM3POL                                        (abs)        030CC
_ProcessCommand                                 text8        005B2
_ProcessModuleFunctionalit                      text7        004C9
_ProcessStateChangedCommon                      text6        004CD
_ProcessStateChangedModuleTypeSpecific          text1        00563
_PwmInit                                        text12       005DE
_RA4                                            (abs)        00064
_RA5                                            (abs)        00065
_SDAHT                                          (abs)        010BB
_SEN                                            (abs)        010B0
_SMP                                            (abs)        010A7
_SSP1IF                                         (abs)        0008B
_SSP1STATbits                                   (abs)        00214
_SSPADD                                         (abs)        00212
_SSPBUF                                         (abs)        00211
_SSPCON1                                        (abs)        00215
_SSPCON2                                        (abs)        00216
_SSPCON2bits                                    (abs)        00216
_SSPCON3                                        (abs)        00217
_SSPEN                                          (abs)        010AD
_SSPM3                                          (abs)        010AB
_SSPMSK                                         (abs)        00213
_SSPSTAT                                        (abs)        00214
_SSPSTATbits                                    (abs)        00214
_SetColor                                       text3        006F9
_SetDutyCyclePWM                                text5        00526
_SetDutyCyclePWM$71                             cstackCOMMON 00074
_SetDutyCyclePWM$72                             cstackCOMMON 00076
_SetDutyCyclePWM$73                             cstackCOMMON 00078
_SetWhiteValue                                  text2        004D9
_T2CONbits                                      (abs)        0001C
_TMR2IF                                         (abs)        00089
_TMR2ON                                         (abs)        000E2
_TRISA2                                         (abs)        00462
_TRISA5                                         (abs)        00465
_TRISC3                                         (abs)        00473
_TRISC5                                         (abs)        00475
_TRISCbits                                      (abs)        0008E
__CFG_BOREN$ON                                  (abs)        00000
__CFG_BORV$LO                                   (abs)        00000
__CFG_CLKOUTEN$OFF                              (abs)        00000
__CFG_CP$OFF                                    (abs)        00000
__CFG_FOSC$INTOSC                               (abs)        00000
__CFG_LPBOR$OFF                                 (abs)        00000
__CFG_LVP$OFF                                   (abs)        00000
__CFG_MCLRE$OFF                                 (abs)        00000
__CFG_PWRTE$OFF                                 (abs)        00000
__CFG_STVREN$ON                                 (abs)        00000
__CFG_WDTE$OFF                                  (abs)        00000
__CFG_WRT$OFF                                   (abs)        00000
__Habs1                                         abs1         00000
__Hbank0                                        bank0        00000
__Hbank1                                        bank1        00000
__Hbank10                                       bank10       00000
__Hbank11                                       bank11       00000
__Hbank12                                       bank12       00000
__Hbank13                                       bank13       00000
__Hbank14                                       bank14       00000
__Hbank15                                       bank15       00000
__Hbank16                                       bank16       00000
__Hbank17                                       bank17       00000
__Hbank18                                       bank18       00000
__Hbank19                                       bank19       00000
__Hbank2                                        bank2        00000
__Hbank20                                       bank20       00000
__Hbank21                                       bank21       00000
__Hbank22                                       bank22       00000
__Hbank23                                       bank23       00000
__Hbank24                                       bank24       00000
__Hbank25                                       bank25       00000
__Hbank26                                       bank26       00000
__Hbank27                                       bank27       00000
__Hbank28                                       bank28       00000
__Hbank29                                       bank29       00000
__Hbank3                                        bank3        00000
__Hbank30                                       bank30       00000
__Hbank31                                       bank31       00000
__Hbank4                                        bank4        00000
__Hbank5                                        bank5        00000
__Hbank6                                        bank6        00000
__Hbank7                                        bank7        00000
__Hbank8                                        bank8        00000
__Hbank9                                        bank9        00000
__Hbigram                                       bigram       00000
__HbssBANK0                                     bssBANK0     00000
__Hcinit                                        cinit        00780
__Hclrtext                                      clrtext      00000
__Hcode                                         code         00000
__Hcommon                                       common       00000
__Hconfig                                       config       08009
__HcstackBANK0                                  cstackBANK0  00000
__HcstackCOMMON                                 cstackCOMMON 00000
__HdataBANK0                                    dataBANK0    00000
__Heeprom_data                                  eeprom_data  00000
__Hend_init                                     end_init     00003
__Hfunctab                                      functab      00000
__HidataBANK0                                   idataBANK0   00000
__Hidloc                                        idloc        00000
__Hinit                                         init         00002
__Hintentry                                     intentry     00002
__Hmaintext                                     maintext     00000
__Hpowerup                                      powerup      00000
__Hram                                          ram          00000
__Hreset_vec                                    reset_vec    00002
__Hsfr0                                         sfr0         00000
__Hsfr1                                         sfr1         00000
__Hsfr10                                        sfr10        00000
__Hsfr11                                        sfr11        00000
__Hsfr12                                        sfr12        00000
__Hsfr13                                        sfr13        00000
__Hsfr14                                        sfr14        00000
__Hsfr15                                        sfr15        00000
__Hsfr16                                        sfr16        00000
__Hsfr17                                        sfr17        00000
__Hsfr18                                        sfr18        00000
__Hsfr19                                        sfr19        00000
__Hsfr2                                         sfr2         00000
__Hsfr20                                        sfr20        00000
__Hsfr21                                        sfr21        00000
__Hsfr22                                        sfr22        00000
__Hsfr23                                        sfr23        00000
__Hsfr24                                        sfr24        00000
__Hsfr25                                        sfr25        00000
__Hsfr26                                        sfr26        00000
__Hsfr27                                        sfr27        00000
__Hsfr28                                        sfr28        00000
__Hsfr29                                        sfr29        00000
__Hsfr3                                         sfr3         00000
__Hsfr30                                        sfr30        00000
__Hsfr31                                        sfr31        00000
__Hsfr4                                         sfr4         00000
__Hsfr5                                         sfr5         00000
__Hsfr6                                         sfr6         00000
__Hsfr7                                         sfr7         00000
__Hsfr8                                         sfr8         00000
__Hsfr9                                         sfr9         00000
__Hspace_0                                      (abs)        08009
__Hspace_1                                      (abs)        0007E
__Hspace_2                                      (abs)        00000
__Hspace_3                                      (abs)        00000
__Hstack                                        stack        00000
__Hstrings                                      strings      00000
__Htext                                         text         00000
__Labs1                                         abs1         00000
__Lbank0                                        bank0        00000
__Lbank1                                        bank1        00000
__Lbank10                                       bank10       00000
__Lbank11                                       bank11       00000
__Lbank12                                       bank12       00000
__Lbank13                                       bank13       00000
__Lbank14                                       bank14       00000
__Lbank15                                       bank15       00000
__Lbank16                                       bank16       00000
__Lbank17                                       bank17       00000
__Lbank18                                       bank18       00000
__Lbank19                                       bank19       00000
__Lbank2                                        bank2        00000
__Lbank20                                       bank20       00000
__Lbank21                                       bank21       00000
__Lbank22                                       bank22       00000
__Lbank23                                       bank23       00000
__Lbank24                                       bank24       00000
__Lbank25                                       bank25       00000
__Lbank26                                       bank26       00000
__Lbank27                                       bank27       00000
__Lbank28                                       bank28       00000
__Lbank29                                       bank29       00000
__Lbank3                                        bank3        00000
__Lbank30                                       bank30       00000
__Lbank31                                       bank31       00000
__Lbank4                                        bank4        00000
__Lbank5                                        bank5        00000
__Lbank6                                        bank6        00000
__Lbank7                                        bank7        00000
__Lbank8                                        bank8        00000
__Lbank9                                        bank9        00000
__Lbigram                                       bigram       00000
__LbssBANK0                                     bssBANK0     00000
__Lcinit                                        cinit        00772
__Lclrtext                                      clrtext      00000
__Lcode                                         code         00000
__Lcommon                                       common       00000
__Lconfig                                       config       08007
__LcstackBANK0                                  cstackBANK0  00000
__LcstackCOMMON                                 cstackCOMMON 00000
__LdataBANK0                                    dataBANK0    00000
__Leeprom_data                                  eeprom_data  00000
__Lend_init                                     end_init     00002
__Lfunctab                                      functab      00000
__LidataBANK0                                   idataBANK0   00000
__Lidloc                                        idloc        00000
__Linit                                         init         00002
__Lintentry                                     intentry     00002
__Lmaintext                                     maintext     00000
__Lpowerup                                      powerup      00000
__Lram                                          ram          00000
__Lreset_vec                                    reset_vec    00000
__Lsfr0                                         sfr0         00000
__Lsfr1                                         sfr1         00000
__Lsfr10                                        sfr10        00000
__Lsfr11                                        sfr11        00000
__Lsfr12                                        sfr12        00000
__Lsfr13                                        sfr13        00000
__Lsfr14                                        sfr14        00000
__Lsfr15                                        sfr15        00000
__Lsfr16                                        sfr16        00000
__Lsfr17                                        sfr17        00000
__Lsfr18                                        sfr18        00000
__Lsfr19                                        sfr19        00000
__Lsfr2                                         sfr2         00000
__Lsfr20                                        sfr20        00000
__Lsfr21                                        sfr21        00000
__Lsfr22                                        sfr22        00000
__Lsfr23                                        sfr23        00000
__Lsfr24                                        sfr24        00000
__Lsfr25                                        sfr25        00000
__Lsfr26                                        sfr26        00000
__Lsfr27                                        sfr27        00000
__Lsfr28                                        sfr28        00000
__Lsfr29                                        sfr29        00000
__Lsfr3                                         sfr3         00000
__Lsfr30                                        sfr30        00000
__Lsfr31                                        sfr31        00000
__Lsfr4                                         sfr4         00000
__Lsfr5                                         sfr5         00000
__Lsfr6                                         sfr6         00000
__Lsfr7                                         sfr7         00000
__Lsfr8                                         sfr8         00000
__Lsfr9                                         sfr9         00000
__Lspace_0                                      (abs)        00000
__Lspace_1                                      (abs)        00000
__Lspace_2                                      (abs)        00000
__Lspace_3                                      (abs)        00000
__Lstack                                        stack        00000
__Lstrings                                      strings      00000
__Ltext                                         text         00000
__S0                                            (abs)        08009
__S1                                            (abs)        0007E
__S2                                            (abs)        00000
___int_sp                                       stack        00000
___latbits                                      (abs)        00000
___lbmod                                        text4        00544
___lbmod@counter                                cstackCOMMON 00074
___lbmod@dividend                               cstackCOMMON 00073
___lbmod@divisor                                cstackCOMMON 00070
___lbmod@rem                                    cstackCOMMON 00075
___sp                                           stack        00000
__end_of_CheckI2cAsSlave                        text17       00693
__end_of_CommonInit                             text13       004F7
__end_of_HEFLASH_readBlock                      text16       00648
__end_of_HEFLASH_readByte                       text15       005B2
__end_of_HEFLASH_writeBlock                     text9        006F9
__end_of_I2cSlaveInit                           text14       0050A
__end_of_ModuleTypeSpecificInit                 text11       004CD
__end_of_ProcessCommand                         text8        005DE
__end_of_ProcessModuleFunctionalit              text7        004CA
__end_of_ProcessStateChangedCommon              text6        004D0
__end_of_ProcessStateChangedModuleTypeSpecific  text1        00588
__end_of_PwmInit                                text12       0060C
__end_of_SetColor                               text3        00772
__end_of_SetDutyCyclePWM                        text5        00544
__end_of_SetWhiteValue                          text2        004E5
__end_of___lbmod                                text4        00563
__end_of__initialization                        cinit        0077D
__end_of__unlock                                text10       004D9
__end_of_main                                   maintext     00526
__initialization                                cinit        00772
__pbssBANK0                                     bssBANK0     00020
__pcstackBANK0                                  cstackBANK0  00029
__pcstackCOMMON                                 cstackCOMMON 00070
__pdataBANK0                                    dataBANK0    00031
__pidataBANK0                                   idataBANK0   004CA
__pmaintext                                     maintext     0050A
__ptext1                                        text1        00563
__ptext10                                       text10       004D0
__ptext11                                       text11       004CB
__ptext12                                       text12       005DE
__ptext13                                       text13       004E5
__ptext14                                       text14       004F7
__ptext15                                       text15       00588
__ptext16                                       text16       0060C
__ptext17                                       text17       00648
__ptext2                                        text2        004D9
__ptext3                                        text3        006F9
__ptext4                                        text4        00544
__ptext5                                        text5        00526
__ptext6                                        text6        004CD
__ptext7                                        text7        004C9
__ptext8                                        text8        005B2
__ptext9                                        text9        00693
__size_of_CheckI2cAsSlave                       (abs)        00000
__size_of_CommonInit                            (abs)        00000
__size_of_HEFLASH_readBlock                     (abs)        00000
__size_of_HEFLASH_readByte                      (abs)        00000
__size_of_HEFLASH_writeBlock                    (abs)        00000
__size_of_I2cSlaveInit                          (abs)        00000
__size_of_ModuleTypeSpecificInit                (abs)        00000
__size_of_ProcessCommand                        (abs)        00000
__size_of_ProcessModuleFunctionalit             (abs)        00000
__size_of_ProcessStateChangedCommon             (abs)        00000
__size_of_ProcessStateChangedModuleTypeSpecific (abs)        00000
__size_of_PwmInit                               (abs)        00000
__size_of_SetColor                              (abs)        00000
__size_of_SetDutyCyclePWM                       (abs)        00000
__size_of_SetWhiteValue                         (abs)        00000
__size_of___lbmod                               (abs)        00000
__size_of__unlock                               (abs)        00000
__size_of_main                                  (abs)        00000
__unlock                                        text10       004D0
_g_bootloaderPolicy                             bssBANK0     00020
_g_commandInstruction                           bssBANK0     00021
_g_commandRecieved                              bssBANK0     00022
_g_commandValue                                 bssBANK0     00023
_g_persistant                                   bssBANK0     00026
_g_state                                        bssBANK0     00028
_g_stateChanged                                 dataBANK0    00031
_g_stateFollowed                                bssBANK0     00024
_g_toOutput                                     bssBANK0     00025
_main                                           maintext     0050A
btemp                                           (abs)        0007E
end_of_initialization                           cinit        0077D
intlevel0                                       functab      00000
intlevel1                                       functab      00000
intlevel2                                       functab      00000
intlevel3                                       functab      00000
intlevel4                                       functab      00000
intlevel5                                       functab      00000
ltemp                                           (abs)        0007E
ltemp0                                          (abs)        0007E
ltemp1                                          (abs)        00082
ltemp2                                          (abs)        00086
ltemp3                                          (abs)        00080
pic14e$flags                                    (abs)        0007E
reset_vec                                       reset_vec    00000
stackhi                                         (abs)        0206F
stacklo                                         (abs)        02012
start                                           init         00002
start_initialization                            cinit        00772
ttemp                                           (abs)        0007E
ttemp0                                          (abs)        0007E
ttemp1                                          (abs)        00081
ttemp2                                          (abs)        00084
ttemp3                                          (abs)        00087
ttemp4                                          (abs)        0007F
wtemp                                           (abs)        0007E
wtemp0                                          (abs)        0007E
wtemp1                                          (abs)        00080
wtemp2                                          (abs)        00082
wtemp3                                          (abs)        00084
wtemp4                                          (abs)        00086
wtemp5                                          (abs)        00088
wtemp6                                          (abs)        0007F


FUNCTION INFORMATION:

 *************** function _main *****************
 Defined at:
		line 87 in file "../common/main.c"
 Parameters:    Size  Location     Type
		None
 Auto vars:     Size  Location     Type
		None
 Return value:  Size  Location     Type
		None               void
 Registers used:
		wreg, fsr0l, fsr0h, fsr1l, fsr1h, status,2, status,0, pclath, cstack
 Tracked objects:
		On entry : 
		On exit  : 
		Unchanged: 
 Data sizes:     COMMON   BANK0   BANK1
      Params:         0       0       0
      Locals:         0       0       0
      Temps:          0       0       0
      Totals:         0       0       0
Total ram usage:        0 bytes
 Hardware stack levels required when called:    3
 This function calls:
		_CheckI2cAsSlave
		_CommonInit
		_ModuleTypeSpecificInit
		_ProcessCommand
		_ProcessModuleFunctionalit
		_ProcessStateChangedCommon
		_ProcessStateChangedModuleTypeSpecific
 This function is called by:
		Startup code after reset
 This function uses a non-reentrant model


 *************** function _ProcessStateChangedModuleTypeSpecific *****************
 Defined at:
		line 79 in file "moduleTypeSpecific.c"
 Parameters:    Size  Location     Type
		None
 Auto vars:     Size  Location     Type
  g_mode          1    7[BANK0 ] unsigned char 
 Return value:  Size  Location     Type
		None               void
 Registers used:
		wreg, fsr0l, fsr0h, status,2, status,0, pclath, cstack
 Tracked objects:
		On entry : 
		On exit  : 
		Unchanged: 
 Data sizes:     COMMON   BANK0   BANK1
      Params:         0       0       0
      Locals:         0       1       0
      Temps:          0       1       0
      Totals:         0       2       0
Total ram usage:        2 bytes
 Hardware stack levels used:    1
 Hardware stack levels required when called:    2
 This function calls:
		_SetColor
		_SetWhiteValue
 This function is called by:
		_main
 This function uses a non-reentrant model


 *************** function _SetWhiteValue *****************
 Defined at:
		line 59 in file "moduleTypeSpecific.c"
 Parameters:    Size  Location     Type
  value           1    wreg     unsigned char 
 Auto vars:     Size  Location     Type
  value           1   13[COMMON] unsigned char 
 Return value:  Size  Location     Type
		None               void
 Registers used:
		wreg, status,2, status,0, pclath, cstack
 Tracked objects:
		On entry : 
		On exit  : 
		Unchanged: 
 Data sizes:     COMMON   BANK0   BANK1
      Params:         0       0       0
      Locals:         1       0       0
      Temps:          2       0       0
      Totals:         3       0       0
Total ram usage:        3 bytes
 Hardware stack levels used:    1
 Hardware stack levels required when called:    1
 This function calls:
		_SetDutyCyclePWM
 This function is called by:
		_ProcessStateChangedModuleTypeSpecific
 This function uses a non-reentrant model


 *************** function _SetColor *****************
 Defined at:
		line 22 in file "moduleTypeSpecific.c"
 Parameters:    Size  Location     Type
  i               1    wreg     unsigned char 
  pwmPeriod       1   11[COMMON] unsigned char 
  blackAndWhit    1   12[COMMON] unsigned char 
 Auto vars:     Size  Location     Type
  i               1    3[BANK0 ] unsigned char 
  value           2    4[BANK0 ] unsigned int 
 Return value:  Size  Location     Type
		None               void
 Registers used:
		wreg, status,2, status,0, pclath, cstack
 Tracked objects:
		On entry : 
		On exit  : 
		Unchanged: 
 Data sizes:     COMMON   BANK0   BANK1
      Params:         2       0       0
      Locals:         0       3       0
      Temps:          0       3       0
      Totals:         2       6       0
Total ram usage:        8 bytes
 Hardware stack levels used:    1
 Hardware stack levels required when called:    1
 This function calls:
		_SetDutyCyclePWM
		___lbmod
 This function is called by:
		_ProcessStateChangedModuleTypeSpecific
 This function uses a non-reentrant model


 *************** function ___lbmod *****************
 Defined at:
		line 4 in file "C:\Program Files\Microchip\xc8\v1.33\sources\common\lbmod.c"
 Parameters:    Size  Location     Type
  dividend        1    wreg     unsigned char 
  divisor         1    0[COMMON] unsigned char 
 Auto vars:     Size  Location     Type
  dividend        1    3[COMMON] unsigned char 
  rem             1    5[COMMON] unsigned char 
  counter         1    4[COMMON] unsigned char 
 Return value:  Size  Location     Type
                  1    wreg      unsigned char 
 Registers used:
		wreg, status,2, status,0
 Tracked objects:
		On entry : 
		On exit  : 
		Unchanged: 
 Data sizes:     COMMON   BANK0   BANK1
      Params:         1       0       0
      Locals:         3       0       0
      Temps:          2       0       0
      Totals:         6       0       0
Total ram usage:        6 bytes
 Hardware stack levels used:    1
 This function calls:
		Nothing
 This function is called by:
		_SetColor
 This function uses a non-reentrant model


 *************** function _SetDutyCyclePWM *****************
 Defined at:
		line 15 in file "moduleTypeSpecific.c"
 Parameters:    Size  Location     Type
  red             1    wreg     unsigned char 
  green           1    0[COMMON] unsigned char 
  blue            1    1[COMMON] unsigned char 
 Auto vars:     Size  Location     Type
  red             1   10[COMMON] unsigned char 
 Return value:  Size  Location     Type
		None               void
 Registers used:
		wreg, status,2, status,0
 Tracked objects:
		On entry : 
		On exit  : 
		Unchanged: 
 Data sizes:     COMMON   BANK0   BANK1
      Params:         2       0       0
      Locals:         7       0       0
      Temps:          2       0       0
      Totals:        11       0       0
Total ram usage:       11 bytes
 Hardware stack levels used:    1
 This function calls:
		Nothing
 This function is called by:
		_SetColor
		_SetWhiteValue
		_SetRed
		_SetGreen
		_SetBlue
 This function uses a non-reentrant model


 *************** function _ProcessStateChangedCommon *****************
 Defined at:
		line 61 in file "../common/common.c"
 Parameters:    Size  Location     Type
		None
 Auto vars:     Size  Location     Type
		None
 Return value:  Size  Location     Type
		None               void
 Registers used:
		status,2
 Tracked objects:
		On entry : 
		On exit  : 
		Unchanged: 
 Data sizes:     COMMON   BANK0   BANK1
      Params:         0       0       0
      Locals:         0       0       0
      Temps:          0       0       0
      Totals:         0       0       0
Total ram usage:        0 bytes
 Hardware stack levels used:    1
 This function calls:
		Nothing
 This function is called by:
		_main
 This function uses a non-reentrant model


 *************** function _ProcessModuleFunctionalit *****************
 Defined at:
		line 101 in file "moduleTypeSpecific.c"
 Parameters:    Size  Location     Type
		None
 Auto vars:     Size  Location     Type
		None
 Return value:  Size  Location     Type
		None               void
 Registers used:
		None
 Tracked objects:
		On entry : 
		On exit  : 
		Unchanged: 
 Data sizes:     COMMON   BANK0   BANK1
      Params:         0       0       0
      Locals:         0       0       0
      Temps:          0       0       0
      Totals:         0       0       0
Total ram usage:        0 bytes
 Hardware stack levels used:    1
 This function calls:
		Nothing
 This function is called by:
		_main
 This function uses a non-reentrant model


 *************** function _ProcessCommand *****************
 Defined at:
		line 34 in file "../common/common.c"
 Parameters:    Size  Location     Type
		None
 Auto vars:     Size  Location     Type
		None
 Return value:  Size  Location     Type
		None               void
 Registers used:
		wreg, fsr1l, fsr1h, status,2, status,0, pclath, cstack
 Tracked objects:
		On entry : 
		On exit  : 
		Unchanged: 
 Data sizes:     COMMON   BANK0   BANK1
      Params:         0       0       0
      Locals:         0       0       0
      Temps:          2       0       0
      Totals:         2       0       0
Total ram usage:        2 bytes
 Hardware stack levels used:    1
 Hardware stack levels required when called:    2
 This function calls:
		_HEFLASH_writeBlock
 This function is called by:
		_main
 This function uses a non-reentrant model


 *************** function _HEFLASH_writeBlock *****************
 Defined at:
		line 16 in file "../common/HEFlash.c"
 Parameters:    Size  Location     Type
  radd            1    wreg     unsigned char 
  data            1    0[COMMON] PTR unsigned char 
		 -> g_persistant(2), 
  count           1    1[COMMON] unsigned char 
 Auto vars:     Size  Location     Type
  radd            1    4[COMMON] unsigned char 
  add             2    5[COMMON] unsigned int 
 Return value:  Size  Location     Type
                  1    wreg      unsigned char 
 Registers used:
		wreg, fsr1l, fsr1h, status,2, status,0, pclath, cstack
 Tracked objects:
		On entry : 
		On exit  : 
		Unchanged: 
 Data sizes:     COMMON   BANK0   BANK1
      Params:         2       0       0
      Locals:         3       0       0
      Temps:          2       0       0
      Totals:         7       0       0
Total ram usage:        7 bytes
 Hardware stack levels used:    1
 Hardware stack levels required when called:    1
 This function calls:
		__unlock
 This function is called by:
		_ProcessCommand
 This function uses a non-reentrant model


 *************** function __unlock *****************
 Defined at:
		line 40 in file "../common/Flash.c"
 Parameters:    Size  Location     Type
		None
 Auto vars:     Size  Location     Type
		None
 Return value:  Size  Location     Type
		None               void
 Registers used:
		None
 Tracked objects:
		On entry : 
		On exit  : 
		Unchanged: 
 Data sizes:     COMMON   BANK0   BANK1
      Params:         0       0       0
      Locals:         0       0       0
      Temps:          0       0       0
      Totals:         0       0       0
Total ram usage:        0 bytes
 Hardware stack levels used:    1
 This function calls:
		Nothing
 This function is called by:
		_HEFLASH_writeBlock
 This function uses a non-reentrant model


 *************** function _ModuleTypeSpecificInit *****************
 Defined at:
		line 96 in file "moduleTypeSpecific.c"
 Parameters:    Size  Location     Type
		None
 Auto vars:     Size  Location     Type
		None
 Return value:  Size  Location     Type
		None               void
 Registers used:
		wreg, status,2, status,0, pclath, cstack
 Tracked objects:
		On entry : 
		On exit  : 
		Unchanged: 
 Data sizes:     COMMON   BANK0   BANK1
      Params:         0       0       0
      Locals:         0       0       0
      Temps:          0       0       0
      Totals:         0       0       0
Total ram usage:        0 bytes
 Hardware stack levels used:    1
 Hardware stack levels required when called:    1
 This function calls:
		_PwmInit
 This function is called by:
		_main
 This function uses a non-reentrant model


 *************** function _PwmInit *****************
 Defined at:
		line 3 in file "../common/pwm.c"
 Parameters:    Size  Location     Type
		None
 Auto vars:     Size  Location     Type
		None
 Return value:  Size  Location     Type
		None               void
 Registers used:
		wreg, status,2, status,0
 Tracked objects:
		On entry : 
		On exit  : 
		Unchanged: 
 Data sizes:     COMMON   BANK0   BANK1
      Params:         0       0       0
      Locals:         0       0       0
      Temps:          0       0       0
      Totals:         0       0       0
Total ram usage:        0 bytes
 Hardware stack levels used:    1
 This function calls:
		Nothing
 This function is called by:
		_ModuleTypeSpecificInit
 This function uses a non-reentrant model


 *************** function _CommonInit *****************
 Defined at:
		line 72 in file "../common/common.c"
 Parameters:    Size  Location     Type
		None
 Auto vars:     Size  Location     Type
		None
 Return value:  Size  Location     Type
		None               void
 Registers used:
		wreg, fsr1l, fsr1h, status,2, status,0, pclath, cstack
 Tracked objects:
		On entry : 
		On exit  : 
		Unchanged: 
 Data sizes:     COMMON   BANK0   BANK1
      Params:         0       0       0
      Locals:         0       0       0
      Temps:          1       0       0
      Totals:         1       0       0
Total ram usage:        1 bytes
 Hardware stack levels used:    1
 Hardware stack levels required when called:    1
 This function calls:
		_HEFLASH_readBlock
		_HEFLASH_readByte
		_I2cSlaveInit
 This function is called by:
		_main
 This function uses a non-reentrant model


 *************** function _I2cSlaveInit *****************
 Defined at:
		line 17 in file "../common/i2c.c"
 Parameters:    Size  Location     Type
		None
 Auto vars:     Size  Location     Type
		None
 Return value:  Size  Location     Type
		None               void
 Registers used:
		wreg, status,2
 Tracked objects:
		On entry : 
		On exit  : 
		Unchanged: 
 Data sizes:     COMMON   BANK0   BANK1
      Params:         0       0       0
      Locals:         0       0       0
      Temps:          0       0       0
      Totals:         0       0       0
Total ram usage:        0 bytes
 Hardware stack levels used:    1
 This function calls:
		Nothing
 This function is called by:
		_CommonInit
		_SendMessageToOutput
		_GetMessageFromOutput
 This function uses a non-reentrant model


 *************** function _HEFLASH_readByte *****************
 Defined at:
		line 56 in file "../common/HEFlash.c"
 Parameters:    Size  Location     Type
  radd            1    wreg     unsigned char 
  offset          1    0[COMMON] unsigned char 
 Auto vars:     Size  Location     Type
  radd            1    9[COMMON] unsigned char 
  add             2    7[COMMON] unsigned int 
 Return value:  Size  Location     Type
                  1    wreg      unsigned char 
 Registers used:
		wreg, status,2, status,0
 Tracked objects:
		On entry : 
		On exit  : 
		Unchanged: 
 Data sizes:     COMMON   BANK0   BANK1
      Params:         1       0       0
      Locals:         3       0       0
      Temps:          6       0       0
      Totals:        10       0       0
Total ram usage:       10 bytes
 Hardware stack levels used:    1
 This function calls:
		Nothing
 This function is called by:
		_CommonInit
 This function uses a non-reentrant model


 *************** function _HEFLASH_readBlock *****************
 Defined at:
		line 39 in file "../common/HEFlash.c"
 Parameters:    Size  Location     Type
  buffer          1    wreg     PTR unsigned char 
		 -> g_persistant(2), 
  radd            1    0[COMMON] unsigned char 
  count           1    1[COMMON] unsigned char 
 Auto vars:     Size  Location     Type
  buffer          1    6[COMMON] PTR unsigned char 
		 -> g_persistant(2), 
  add             2    4[COMMON] unsigned int 
 Return value:  Size  Location     Type
                  1    wreg      unsigned char 
 Registers used:
		wreg, fsr1l, fsr1h, status,2, status,0
 Tracked objects:
		On entry : 
		On exit  : 
		Unchanged: 
 Data sizes:     COMMON   BANK0   BANK1
      Params:         2       0       0
      Locals:         3       0       0
      Temps:          2       0       0
      Totals:         7       0       0
Total ram usage:        7 bytes
 Hardware stack levels used:    1
 This function calls:
		Nothing
 This function is called by:
		_CommonInit
 This function uses a non-reentrant model


 *************** function _CheckI2cAsSlave *****************
 Defined at:
		line 208 in file "../common/i2c.c"
 Parameters:    Size  Location     Type
		None
 Auto vars:     Size  Location     Type
  value           1    2[COMMON] unsigned char 
 Return value:  Size  Location     Type
		None               void
 Registers used:
		wreg, status,2, status,0
 Tracked objects:
		On entry : 
		On exit  : 
		Unchanged: 
 Data sizes:     COMMON   BANK0   BANK1
      Params:         0       0       0
      Locals:         1       0       0
      Temps:          2       0       0
      Totals:         3       0       0
Total ram usage:        3 bytes
 Hardware stack levels used:    1
 This function calls:
		Nothing
 This function is called by:
		_main
 This function uses a non-reentrant model



MODULE INFORMATION

Module		Function		Class		Link	Load	Size
moduleTypeSpecific.c
		_ProcessModuleF		CODE           	04C9	0000	1
		_SetColor      		CODE           	06F9	0000	121
		_SetWhiteValue 		CODE           	04D9	0000	12
		_ModuleTypeSpec		CODE           	04CB	0000	2
		_SetDutyCyclePW		CODE           	0526	0000	30
		_ProcessStateCh		CODE           	0563	0000	37

moduleTypeSpecific.c estimated size: 203

../common/main.c
		_main          		CODE           	050A	0000	28

../common/main.c estimated size: 28

../common/common.c
		_CommonInit    		CODE           	04E5	0000	18
		_ProcessStateCh		CODE           	04CD	0000	3
		_ProcessCommand		CODE           	05B2	0000	44

../common/common.c estimated size: 65

../common/Flash.c
		__unlock       		CODE           	04D0	0000	9

../common/Flash.c estimated size: 9

C:\Program Files\Microchip\xc8\v1.33\sources\common\lbmod.c
		___lbmod       		CODE           	0544	0000	31

C:\Program Files\Microchip\xc8\v1.33\sources\common\lbmod.c estimated size: 31

shared
		__initializatio		CODE           	0772	0000	11

shared estimated size: 11

../common/i2c.c
		_CheckI2cAsSlav		CODE           	0648	0000	75
		_I2cSlaveInit  		CODE           	04F7	0000	19

../common/i2c.c estimated size: 94

../common/pwm.c
		_PwmInit       		CODE           	05DE	0000	46

../common/pwm.c estimated size: 46

../common/HEFlash.c
		_HEFLASH_readBy		CODE           	0588	0000	42
		_HEFLASH_readBl		CODE           	060C	0000	60
		_HEFLASH_writeB		CODE           	0693	0000	102

../common/HEFlash.c estimated size: 204

